// Jest Snapshot v1, https://goo.gl/fbAQLP


exports[`ForgotPassword.vue matches the snapshot 1`] = `
<div class="password-recovery-page" data-id="password-recovery-page">
  <div class="form-container" data-id="password-recovery-form">
    <h2>Password Recovery</h2>
    <p> Enter your username to receive an email with Password Reset instructions. </p>
    <form>
      <div class="input-group"><label for="username">Username</label><input id="username" type="text" placeholder="Enter your username" data-id="username-input">
        <!--v-if-->
      </div>
      <div class="captcha-group" data-id="captcha-group"><input type="checkbox" id="captcha" data-id="captcha-checkbox"><label for="captcha">I'm not a robot</label></div>
      <div class="actions" data-id="actions"><button type="submit" class="submit-button" data-id="submit-button"> Submit </button><button type="button" class="cancel-button" data-id="cancel-button"> Cancel </button></div>
    </form><a href="#" class="forgot-username" data-id="forgot-username-link">Forgot Username?</a>
  </div>
</div>
`;
