// Jest Snapshot v1, https://goo.gl/fbAQLP

exports[`SectionTabs.vue matches snapshot 1`] = `
<div>
  <div class="navbar">
    <div class="navbar-item active"> Users </div>
    <div class="navbar-item"> Audit Log </div>
  </div>
  <hr class="underline">
  <div class="search-bar">
    <div class="top-row">
      <div class="left-section"><button class="search-button"><img src="" alt="Search" class="search-icon"><span>Search</span><input class="search-input" placeholder="" style="display: none;"></button><button class="advanced-filter-button"><img src="" alt="Filter" class="filter-icon"> Advanced Filters </button></div>
      <div class="right-section"><button class="refresh-button"><img src="" alt="Refresh" class="refresh-icon"></button><button class="print-button"><img src="" alt="Print" class="print-icon"></button>
        <div class="export-excel"><button class="simple-button">Export to Excel</button></div>
        <div class="dropdown"><button data-id="dropdown-button" class="dropdown-button">Bulk <span class="arrow"></span></button>
          <!--v-if-->
        </div>
        <div class="checkbox-dropdown"><button data-id="dropdown-button" class="dropdown-button">Show/Hide Columns <span class="arrow"></span></button>
          <!--v-if-->
        </div>
      </div>
    </div>
    <div class="bottom-row">
      <div class="change-user-button"><button class="simple-button">Change Super User</button></div>
      <div class="add-new-button"><button class="simple-button">Add New</button></div>
    </div>
  </div>
  <div class="table-wrapper">
    <table class="table-container">
      <thead>
        <tr>
          <th data-sort="" data-id="name">Name</th>
          <th data-sort="" data-id="age">Age</th>
        </tr>
      </thead>
      <tbody>
        <tr class="table-data">
          <td data-id="0-name">Alice</td>
          <td data-id="0-age">30</td>
        </tr>
        <tr class="table-data">
          <td data-id="1-name">Bob</td>
          <td data-id="1-age">25</td>
        </tr>
      </tbody>
    </table>
  </div>
</div>
`;
