// Jest Snapshot v1, https://goo.gl/fbAQLP

exports[`Table.vue matches snapshot 1`] = `
<div class="table-wrapper">
  <table class="table-container">
    <thead>
      <tr>
        <th data-sort="">Name</th>
        <th data-sort="">Age</th>
      </tr>
    </thead>
    <tbody>
      <tr class="table-data">
        <td>Alice</td>
        <td>30</td>
      </tr>
      <tr class="table-data">
        <td>Bob</td>
        <td>25</td>
      </tr>
    </tbody>
  </table>
</div>
`;
