// Jest Snapshot v1, https://goo.gl/fbAQLP

exports[`AddBulk.vue matches snapshot 1`] = `
<div class="form-header" data-id="form-header">
  <div class="add-users">Add Users</div>
  <div class="cancel"><button class="simple-button">Cancel</button></div>
</div>
<div class="wrapper">
  <div class="content">
    <h1>Add Users</h1>
    <p class="subtext"> Enter the details below for up to 25 users. Be sure to use the email address where you'd like them to receive any communication, including the link to set up their accounts. </p>
    <div class="email-checkbox"><input type="checkbox" id="welcomeEmail" data-id="welcome-checkbox"><label for="welcomeEmail">Send welcome email to all users added below</label></div>
    <form>
      <div class="form-container">
        <div class="input-container"><label for="first-name">First Name</label><input type="text" data-id="first-name" placeholder="First Name" class="input-field" name="firstName">
          <!---->
        </div>
        <div class="input-container"><label for="last-name">Last Name</label><input type="text" data-id="last-name" placeholder="Last Name" class="input-field" name="lastName">
          <!---->
        </div>
        <div class="input-container"><label for="email">Email Address</label><input type="email" data-id="email" placeholder="Email Address" class="input-field" name="email">
          <!---->
        </div>
        <div class="input-container"><label for="select-role">User Type</label><select data-id="select-role" class="input-field" name="role">
            <option disabled="" selected="" value="">Select an Option</option>
            <option value="admin">Admin</option>
            <option value="user">User</option>
          </select>
          <!---->
        </div><button type="submit" data-id="add-user-btn" class="add-user-btn"> Add User </button>
      </div>
    </form>
    <div class="empty-state" data-id="no-user-added">
      <div class="empty-circle"><img src="https://cdn-icons-png.flaticon.com/512/847/847969.png" alt="Add user icon"></div>
      <p>You have not yet added any users</p>
    </div>
  </div>
</div>
`;
