// Jest Snapshot v1, https://goo.gl/fbAQLP

exports[`UserForm.vue matches snapshot 1`] = `
<div class="form-container">
  <form>
    <!-- Basic Info Section -->
    <div class="section">
      <h2>Basic Info</h2>
      <div class="form-group"><label for="firstName">First Name*</label><input id="firstName" type="text" placeholder="Enter first name" required="" data-id="firstName" class="full-width-input"></div>
      <div class="form-group"><label for="lastName">Last Name*</label><input id="lastName" type="text" placeholder="Enter last name" required="" data-id="lastName" class="full-width-input"></div>
      <div class="form-group"><label for="username">Username*</label><input id="username" type="text" placeholder="Enter username" required="" data-id="username" class="full-width-input"></div>
      <div class="form-group"><label for="email">Email*</label><input id="email" type="email" placeholder="Enter email" required="" data-id="email" class="full-width-input"></div>
      <div class="form-group"><label for="confirmEmail">Confirm Email*</label><input id="confirmEmail" type="email" placeholder="Confirm email" required="" data-id="confirmEmail" class="full-width-input"></div><!-- Select Group(s) Dropdown -->
      <div class="form-group"><label for="groups">Select Group(s)</label><select data-id="groups" id="groups" class="select-group">
          <option value="">Select Group(s)</option>
          <option data-id="group1" value="group1">Group 1</option>
          <option data-id="group2" value="group2">Group 2</option>
          <option data-id="group3" value="group3">Group 3</option>
        </select></div>
    </div>
    <div class="divider"><span></span></div><!-- Settings and Permissions Section -->
    <div class="section">
      <h2>Settings and Permissions</h2>
      <div class="user-type"><select data-id="userType" id="userType" required="">
          <option data-id="" value="">Select User Type</option>
          <option data-id="accountAdmin" value="accountAdmin">V Account Administrator</option>
          <option data-id="billingAdmin" value="billingAdmin">Billing Admin</option>
          <option data-id="callQueuesAdmin" value="callQueuesAdmin">Call Queues Admin</option>
          <option data-id="callQueuesReportingAdmin" value="callQueuesReportingAdmin">Call Queues Reporting Admin</option>
          <option data-id="endUser" value="endUser">End User</option>
          <option data-id="endUserNoDashboard" value="endUserNoDashboard">End User No Dashboard</option>
          <option data-id="reportsAdmin" value="reportsAdmin">Reports Admin</option>
          <option data-id="usersAdmin" value="usersAdmin">Users Admin</option>
        </select></div>
    </div><!-- User Type Section (Moved after Settings and Permissions) -->
    <div class="section">
      <div class="form-group"><label><input type="checkbox" data-id="permission-serviceAnnouncements"> Update this user with important service announcements</label></div>
      <div class="form-group"><label><input type="checkbox" data-id="permission-webAccess"> Allow web and mobile app access</label></div>
      <div class="form-group"><label><input type="checkbox" data-id="permission-sendEmail"> Send new user email</label></div>
      <div class="form-group"><label><input type="checkbox" data-id="permission-manageCallerId"> Allow this user to set and block the Outbound Caller ID for their extension(s)</label></div>
      <div class="form-group"><label><input type="checkbox" data-id="permission-manageCallBlocking"> Allow this user to manage Call Blocking for their extension(s)</label></div>
    </div>
    <div class="divider"><span></span></div><!-- Extensions Section -->
    <div class="section">
      <h2>Extensions</h2>
      <div class="form-group"><label><input type="radio" data-id="extension-assign" value="assign"> Assign an available extension</label></div>
      <div class="form-group"><label><input type="radio" data-id="extension-purchase" value="purchase"> Purchase a new extension</label></div>
      <div class="form-group"><label><input type="radio" data-id="extension-none" value="none"> User does not need an extension</label></div>
      <!--v-if-->
    </div>
  </form>
</div>
`;
